// Jest Snapshot v1, https://goo.gl/fbAQLP

exports[`Posts component should render Posts component 1`] = `
<div
  className="wrapper"
>
  <Title
    title="Hacker News"
  />
  <Input
    handleChange={[Function]}
    options={
      Array [
        Object {
          "label": 10,
          "value": 10,
        },
        Object {
          "label": 20,
          "value": 20,
        },
        Object {
          "label": 40,
          "value": 40,
        },
        Object {
          "label": 50,
          "value": 50,
        },
      ]
    }
    value={20}
  />
  <Pagination
    lastPage={10}
    onClick={[Function]}
    page={1}
  />
  <Input
    onChange={[Function]}
    onKeyPress={[Function]}
    value=""
  />
  <ul
    className="newsList"
  >
    <Post
      author="Artur"
      createdAt="2019-11-19T23:36:09.816Z"
      key="1"
      numComments={10}
      points={100}
      title="Hacker News"
      url="//test.url"
    />
    <Post
      author="Dan"
      createdAt="2013-05-29T23:36:09.816Z"
      key="2"
      numComments={8}
      points={10}
      title="React"
      url="//test2121.url"
    />
  </ul>
</div>
`;
